// Jest Snapshot v1, https://goo.gl/fbAQLP

exports[`FormComponent should should have a consistent structure 1`] = `
<FormComponent>
  <form>
    <label>
       Country:
      <Textbox
        city=""
        handleChange={[Function]}
      >
        <input
          onChange={[Function]}
          placeholder="city"
          type="text"
          value=""
        />
      </Textbox>
    </label>
    <SubmitComponent
      handleSubmit={[Function]}
    >
      <input
        onClick={[Function]}
        type="submit"
        value="submit"
      />
    </SubmitComponent>
  </form>
</FormComponent>
`;
